******************************************************************************
                  TI ARM Linker PC v18.12.2                    
******************************************************************************
>> Linked Tue Dec  3 21:40:02 2019

OUTPUT FILE NAME:   <init7_intercomponent_milestone_CC3220SF_LAUNCHXL_freertos_ccs_syscfg3.out>
ENTRY POINT SYMBOL: "resetISR"  address: 01016c49


MEMORY CONFIGURATION

         name            origin    length      used     unused   attr    fill
----------------------  --------  ---------  --------  --------  ----  --------
  FLASH_HDR             01000000   000007ff  00000000  000007ff  R  X
  FLASH                 01000800   000ff800  00017668  000e8198  R  X
  SRAM                  20000000   00040000  0000b381  00034c7f  RW X


SEGMENT ALLOCATION MAP

run origin  load origin   length   init length attrs members
----------  ----------- ---------- ----------- ----- -------
01000800    01000800    00017670   00017670    r-x
  01000800    01000800    00000040   00000040    r-- .resetVecs
  01000840    01000840    00016a22   00016a22    r-x .text
  01017264    01017264    000009ee   000009ee    r-- .const
  01017c58    01017c58    00000218   00000218    r-- .cinit
20000400    20000400    0000ac78   00000000    rw-
  20000400    20000400    00009dbd   00000000    rw- .bss
  2000a1c0    2000a1c0    00000eb8   00000000    rw- .data
2003fc00    2003fc00    00000400   00000000    rw-
  2003fc00    2003fc00    00000400   00000000    rw- .stack


SECTION ALLOCATION MAP

 output                                  attributes/
section   page    origin      length       input sections
--------  ----  ----------  ----------   ----------------
.resetVecs 
*          0    01000800    00000040     
                  01000800    00000040     freertos_builds_CC3220SF_LAUNCHXL_release_ccs.lib : startup_cc32xx_ccs.obj (.resetVecs:retain)

.text      0    01000840    00016a22     
                  01000840    00000a4e     rtsv7M4_T_le_eabi.lib : _printfi.c.obj (.text:__TI_printfi)
                  0100128e    00000002     Board.obj (.text:Board_initHook)
                  01001290    000008cc     simplelink.a : driver.obj (.text:_SlDrvMsgRead)
                  01001b5c    000004bc                  : sl_socket.obj (.text:_SlSocketHandleAsync_Select)
                  01002018    0000042c     driverlib.a : prcm.obj (.text:PRCMCC3200MCUInit)
                  01002444    00000384     simplelink.a : driver.obj (.text:_SlDrvMsgWrite)
                  010027c8    0000031c     jsonParse.obj (.text:jsmn_parse)
                  01002ae4    000002e0     simplelink.a : driver.obj (.text:_SlDrvWaitForPoolObj)
                  01002dc4    000002d8                  : driver.obj (.text:_SlDrvRxHdrRead)
                  0100309c    000002d8     find_color_task_thread.obj (.text:findColorTaskThread)
                  01003374    000002b4     simplelink.a : sl_socket.obj (.text:sl_Select)
                  01003628    00000294                  : driver.obj (.text:_SlDrvReleasePoolObj)
                  010038bc    00000280     jsonParse.obj (.text:parseAction)
                  01003b3c    0000027c     simplelink.a : wlan.obj (.text:sl_WlanConnect)
                  01003db8    00000274                  : driver.obj (.text:_SlDrvDataReadOp)
                  0100402c    00000268     rtsv7M4_T_le_eabi.lib : _printfi.c.obj (.text:_pconv_a)
                  01004294    00000224     simplelink.a : driver.obj (.text:_SlDrvDriverCBInit)
                  010044b8    00000218                  : driver.obj (.text:_SlDrvDataWriteOp)
                  010046d0    0000020c     mqtt_client_app.obj (.text:MqttClient_start)
                  010048dc    00000204     drivers_cc32xx.aem4 : UARTCC32XXDMA.oem4 (.text:UARTCC32XXDMA_open)
                  01004ae0    000001f4     simplelink.a : driver.obj (.text:_SlDrvMsgReadCmdCtx)
                  01004cd4    000001f2                  : netapp.obj (.text:_SlNetAppEventHandler)
                  01004ec6    00000002     drivers_cc32xx.aem4 : I2CCC32XX.oem4 (.text:I2CCC32XX_init)
                  01004ec8    000001d8                         : GPIOCC32XX.oem4 (.text:GPIO_setConfig)
                  010050a0    000001d4     freertos_builds_CC3220SF_LAUNCHXL_release_ccs.lib : queue.obj (.text:xQueueSemaphoreTake)
                  01005274    000001d0     drivers_cc32xx.aem4 : SPICC32XXDMA.oem4 (.text:SPICC32XXDMA_transfer)
                  01005444    000001cc     rtsv7M4_T_le_eabi.lib : _printfi.c.obj (.text:_pconv_g)
                  01005610    000001c8     mqtt_client_app.obj (.text:MqttClient)
                  010057d8    000001c8     simplelink.a : device.obj (.text:sl_Stop)
                  010059a0    000001b8     drivers_cc32xx.aem4 : SPICC32XXDMA.oem4 (.text:configDMA)
                  01005b58    000001b8     freertos_builds_CC3220SF_LAUNCHXL_release_ccs.lib : queue.obj (.text:xQueueGenericSend)
                  01005d10    000001b6     rtsv7M4_T_le_eabi.lib : fd_add_t2.asm.obj (.text)
                  01005ec6    00000002     driverlib.a : interrupt.obj (.text:IntDefaultHandler)
                  01005ec8    000001b4     simplelink.a : driver.obj (.text:_SlDrvReleaseAllActivePendingPoolObj)
                  0100607c    000001b4                  : sl_socket.obj (.text:sl_Accept)
                  01006230    000001b0     freertos_builds_CC3220SF_LAUNCHXL_release_ccs.lib : PowerCC32XX_freertos.obj (.text:PowerCC32XX_sleepPolicy)
                  010063e0    0000019c     mqtt_client_app.obj (.text:mainThread)
                  0100657c    00000198     slnetsock_release.a : slnetsock.oem4 (.text:SlNetSock_select)
                  01006714    0000018c     simplelink.a : sl_socket.obj (.text:_SlDrvRegisterForSelectAsync)
                  010068a0    0000018c     jsonParse.obj (.text:jsmn_parse_string)
                  01006a2c    00000184     simplelink.a : driver.obj (.text:_SlDrvFindAndSetActiveObj)
                  01006bb0    00000184                  : sl_socket.obj (.text:sl_Connect)
                  01006d34    00000180     freertos_builds_CC3220SF_LAUNCHXL_release_ccs.lib : queue.obj (.text:xQueueReceive)
                  01006eb4    00000178                                                       : heap_4.obj (.text:pvPortMalloc)
                  0100702c    00000168     simplelink.a : netapp.obj (.text:sl_NetAppDnsGetHostByName)
                  01007194    00000164     freertos_builds_CC3220SF_LAUNCHXL_release_ccs.lib : timers.obj (.text:prvProcessReceivedCommands)
                  010072f8    0000015a     mqtt_release.a : mqtt_net_func.oem4 (.text:createSocket)
                  01007452    00000002     freertos_builds_CC3220SF_LAUNCHXL_release_ccs.lib : PowerCC32XX_freertos.obj (.text:PowerCC32XX_initPolicy)
                  01007454    00000158     drivers_cc32xx.aem4 : SPICC32XXDMA.oem4 (.text:SPICC32XXDMA_open)
                  010075ac    00000158     main_freertos.obj (.text:main)
                  01007704    00000154     mqtt_release.a : mqttclient.oem4 (.text:MQTTClient_connect)
                  01007858    00000154     simplelink.a : sl_socket.obj (.text:sl_RecvFrom)
                  010079ac    00000148     drivers_cc32xx.aem4 : PowerCC32XX.oem4 (.text:parkPins)
                  01007af4    00000148     simplelink.a : sl_socket.obj (.text:sl_StartTLS)
                  01007c3c    00000140                  : driver.obj (.text:_SlDrvMsgReadSpawnCtx)
                  01007d7c    0000013c                  : driver.obj (.text:_SlDrvDriverCBDeinit)
                  01007eb8    0000013c                  : sl_socket.obj (.text:_SlDrvGetNextTimeoutValue)
                  01007ff4    0000013c     rtsv7M4_T_le_eabi.lib : _printfi.c.obj (.text:_pconv_e)
                  01008130    0000013c     freertos_builds_CC3220SF_LAUNCHXL_release_ccs.lib : tasks.obj (.text:xTaskIncrementTick)
                  0100826c    00000138                                                       : pthread.obj (.text:pthread_create)
                  010083a4    00000136     rtsv7M4_T_le_eabi.lib : fd_div_t2.asm.obj (.text)
                  010084da    00000002     drivers_cc32xx.aem4 : TimerCC32XX.oem4 (.text:TimerCC32XX_init)
                  010084dc    00000134     client_cbs.obj (.text:MqttClientCallback)
                  01008610    00000134     simplelink.a : sl_socket.obj (.text:_SlSocketHandleAsync_StartTLS)
                  01008744    0000012a     freertos_builds_CC3220SF_LAUNCHXL_release_ccs.lib : tasks.obj (.text:prvInitialiseNewTask)
                  0100886e    00000002     drivers_cc32xx.aem4 : UARTCC32XXDMA.oem4 (.text:UARTCC32XXDMA_init)
                  01008870    00000128                         : TimerCC32XX.oem4 (.text:TimerCC32XX_open)
                  01008998    00000128     simplelink.a : driver.obj (.text:_SlDrvClassifyRxMsg)
                  01008ac0    00000124                  : fs.obj (.text:sl_FsOpen)
                  01008be4    00000120     drivers_cc32xx.aem4 : I2CCC32XX.oem4 (.text:I2CCC32XX_hwiFxn)
                  01008d04    00000120     simplelink.a : driver.obj (.text:_SlDrvAsyncEventGenericHandler)
                  01008e24    00000120     rtsv7M4_T_le_eabi.lib : _printfi.c.obj (.text:fcvt)
                  01008f44    0000011c     drivers_cc32xx.aem4 : PowerCC32XX.oem4 (.text:Power_sleep)
                  01009060    0000011c     simplelink.a : device.obj (.text:sl_Start)
                  0100917c    0000011c     freertos_builds_CC3220SF_LAUNCHXL_release_ccs.lib : tasks.obj (.text:xTaskResumeAll)
                  01009298    00000118     simplelink.a : netapp.obj (.text:_SlNetAppHandleAsync_DnsGetHostByService)
                  010093b0    00000114     rtsv7M4_T_le_eabi.lib : fputs.c.obj (.text:fputs)
                  010094c4    00000114     freertos_builds_CC3220SF_LAUNCHXL_release_ccs.lib : tasks.obj (.text:vTaskPriorityDisinheritAfterTimeout)
                  010095d8    00000112     mqtt_release.a : mqtt_common.oem4 (.text:MQTT_PacketRecv)
                  010096ea    00000002     rtsv7M4_T_le_eabi.lib : _lock.c.obj (.text:_nop)
                  010096ec    00000110                           : strtoul.c.obj (.text:strtoul)
                  010097fc    00000108     slnetsock_release.a : slnetutils.oem4 (.text:SlNetUtil_str2BinIpV6)
                  01009904    00000108     simplelink.a : driver.obj (.text:_SlSpawnMsgListInsert)
                  01009a0c    00000104                  : device.obj (.text:_SlDeviceEventHandler)
                  01009b10    00000104                  : driver.obj (.text:_SlDrvCmdOp)
                  01009c14    00000104     freertos_builds_CC3220SF_LAUNCHXL_release_ccs.lib : queue.obj (.text:xQueueGenericSendFromISR)
                  01009d18    00000100     simplelink.a : driver.obj (.text:_SlDrvObjGlobalLockWaitForever)
                  01009e18    00000100                  : sl_socket.obj (.text:sl_Close)
                  01009f18    00000100                  : fs.obj (.text:sl_FsWrite)
                  0100a018    000000fc     drivers_cc32xx.aem4 : I2CCC32XX.oem4 (.text:I2CCC32XX_open)
                  0100a114    000000fc     rtsv7M4_T_le_eabi.lib : fd_mul_t2.asm.obj (.text)
                  0100a210    000000fc     freertos_builds_CC3220SF_LAUNCHXL_release_ccs.lib : tasks.obj (.text:vTaskSuspend)
                  0100a30c    000000f8     slnetifwifi.a : slnetifwifi.obj (.text:SlNetIfWifi_loadSecObj)
                  0100a404    000000f8     drivers_cc32xx.aem4 : UARTCC32XXDMA.oem4 (.text:UARTCC32XXDMA_close)
                  0100a4fc    000000f8     freertos_builds_CC3220SF_LAUNCHXL_release_ccs.lib : tasks.obj (.text:vTaskDelete)
                  0100a5f4    000000f6     mqtt_release.a : mqtt_net_func.oem4 (.text:MQTTNet_commOpen)
                  0100a6ea    00000002     freertos_builds_CC3220SF_LAUNCHXL_release_ccs.lib : startup_cc32xx_ccs.obj (.text:busFaultHandler)
                  0100a6ec    000000f4     simplelink.a : sl_socket.obj (.text:sl_SendTo)
                  0100a7e0    000000f2     drivers_cc32xx.aem4 : SPICC32XXDMA.oem4 (.text:SPICC32XXDMA_transferCancel)
                  0100a8d2    000000f0     freertos_builds_CC3220SF_LAUNCHXL_release_ccs.lib : queue.obj (.text:xQueueGiveFromISR)
                  0100a9c2    00000002                                                       : startup_cc32xx_ccs.obj (.text:defaultHandler)
                  0100a9c4    000000e8     mqtt_client_app.obj (.text:Mqtt_start)
                  0100aaac    000000e8     slnetsock_release.a : slnetif.oem4 (.text:SlNetIf_add)
                  0100ab94    000000e8     drivers_cc32xx.aem4 : UARTCC32XXDMA.oem4 (.text:initHw)
                  0100ac7c    000000e8     freertos_builds_CC3220SF_LAUNCHXL_release_ccs.lib : tasks.obj (.text:xTaskPriorityInherit)
                  0100ad64    000000e6     mqtt_release.a : client_core.oem4 (.text:utf8ArraySend)
                  0100ae4a    00000002     freertos_builds_CC3220SF_LAUNCHXL_release_ccs.lib : startup_cc32xx_ccs.obj (.text:faultISR)
                  0100ae4c    000000e0     mqtt_release.a : mqttclient.oem4 (.text:MqttClientCtxCreate)
                  0100af2c    000000e0     freertos_builds_CC3220SF_LAUNCHXL_release_ccs.lib : tasks.obj (.text:xTaskPriorityDisinherit)
                  0100b00c    000000de     mqtt_release.a : client_core.oem4 (.text:connectMsgSend)
                  0100b0ea    00000002     freertos_builds_CC3220SF_LAUNCHXL_release_ccs.lib : startup_cc32xx_ccs.obj (.text:nmiISR)
                  0100b0ec    000000dc     rtsv7M4_T_le_eabi.lib : setvbuf.c.obj (.text:setvbuf)
                  0100b1c8    000000dc     freertos_builds_CC3220SF_LAUNCHXL_release_ccs.lib : tasks.obj (.text:vTaskSwitchContext)
                  0100b2a4    000000d8     drivers_cc32xx.aem4 : SPICC32XXDMA.oem4 (.text:SPICC32XXDMA_close)
                  0100b37c    000000d8     simplelink.a : device.obj (.text:_SlDeviceHandleAsync_InitComplete)
                  0100b454    000000d8                  : driver.obj (.text:_SlDrvWaitForInternalAsyncEvent)
                  0100b52c    000000d8                  : netapp.obj (.text:_SlNetAppHandleAsync_NetAppReceive)
                  0100b604    000000d8     freertos_builds_CC3220SF_LAUNCHXL_release_ccs.lib : queue.obj (.text:xQueueReceiveFromISR)
                  0100b6dc    000000d0     mqtt_client_app.obj (.text:SetClientIdNamefromMacAddress)
                  0100b7ac    000000d0     simplelink.a : driver.obj (.text:_SlDrvRemoveFromList)
                  0100b87c    000000d0     rtsv7M4_T_le_eabi.lib : s_scalbn.c.obj (.text:scalbn)
                  0100b94c    000000cc     mqtt_release.a : mqttclient.oem4 (.text:processNotifyAckCB)
                  0100ba18    000000c8     jsonParse.obj (.text:jsmn_parse_primitive)
                  0100bae0    000000c8     drivers_cc32xx.aem4 : SPICC32XXDMA.oem4 (.text:spiHwiFxn)
                  0100bba8    000000c4                         : GPIOCC32XX.oem4 (.text:GPIO_init)
                  0100bc6c    000000c4     network_if.obj (.text:Network_IF_ConnectAP)
                  0100bd30    000000c4     freertos_builds_CC3220SF_LAUNCHXL_release_ccs.lib : tasks.obj (.text:prvAddNewTaskToReadyList)
                  0100bdf4    000000c0     mqtt_release.a : mqttclient.oem4 (.text:MqttClientSub)
                  0100beb4    000000c0     simplelink.a : cc_pal.obj (.text:NwpPowerOff)
                  0100bf74    000000c0     drivers_cc32xx.aem4 : PowerCC32XX.oem4 (.text:restoreParkedPins)
                  0100c034    000000c0     simplelink.a : netcfg.obj (.text:sl_NetCfgGet)
                  0100c0f4    000000c0     freertos_builds_CC3220SF_LAUNCHXL_release_ccs.lib : port.obj (.text:xPortStartScheduler)
                  0100c1b4    000000be                                                       : queue.obj (.text:prvCopyDataToQueue)
                  0100c272    00000002     rtsv7M4_T_le_eabi.lib : div0.asm.obj (.text)
                  0100c274    000000bc     simplelink.a : netapp.obj (.text:_SlNetAppSendResponse)
                  0100c330    000000bc     mqtt_release.a : client_core.oem4 (.text:clCtxConnStateTryLocked)
                  0100c3ec    000000bc     freertos_builds_CC3220SF_LAUNCHXL_release_ccs.lib : heap_4.obj (.text:prvHeapInit)
                  0100c4a8    000000bc                                                       : timers.obj (.text:prvSwitchTimerLists)
                  0100c564    000000bc     simplelink.a : sl_socket.obj (.text:sl_Send)
                  0100c620    000000ba     freertos_builds_CC3220SF_LAUNCHXL_release_ccs.lib : portasm.obj (.text)
                  0100c6da    00000002     main_freertos.obj (.text:vApplicationMallocFailedHook)
                  0100c6dc    000000b8     drivers_cc32xx.aem4 : UARTCC32XXDMA.oem4 (.text:UARTCC32XXDMA_configDMA)
                  0100c794    000000b8     simplelink.a : netapp.obj (.text:_SlNetAppHandleAsync_DnsGetHostByName)
                  0100c84c    000000b8                  : netapp.obj (.text:_SlNetAppHandleAsync_PingResponse)
                  0100c904    000000b8     color_sensor_driver.obj (.text:init_color_sensor_I2C)
                  0100c9bc    000000b8     simplelink.a : wlan.obj (.text:sl_WlanGet)
                  0100ca74    000000b8     freertos_builds_CC3220SF_LAUNCHXL_release_ccs.lib : queue.obj (.text:xQueueGenericReset)
                  0100cb2c    000000b4     mqtt_release.a : mqttclient.oem4 (.text:MqttClient_send)
                  0100cbe0    000000b4     drivers_cc32xx.aem4 : UARTCC32XXDMA.oem4 (.text:UARTCC32XXDMA_hwiIntFxn)
                  0100cc94    000000b4     simplelink.a : driver.obj (.text:_SlDrvHandleFatalError)
                  0100cd48    000000b4                  : netutil.obj (.text:_SlNetUtilHandleAsync_Cmd)
                  0100cdfc    000000b4     freertos_builds_CC3220SF_LAUNCHXL_release_ccs.lib : clock.obj (.text:_clock_abstime2ticks)
                  0100ceb0    000000b4     simplelink.a : sl_socket.obj (.text:sl_GetSockOpt)
                  0100cf64    000000b1     rtsv7M4_T_le_eabi.lib : _printfi.c.obj (.text:_ltostr)
                  0100d015    00000003     --HOLE-- [fill = 0]
                  0100d018    000000b0     slnetifwifi.a : slnetifwifi.obj (.text:SlNetIfWifi_getSockOpt)
                  0100d0c8    000000b0     freertos_builds_CC3220SF_LAUNCHXL_release_ccs.lib : tasks.obj (.text:prvAddCurrentTaskToDelayedList)
                  0100d178    000000b0                                                       : tasks.obj (.text:xTaskCheckForTimeOut)
                  0100d228    000000ae     slnetifwifi.a : slnetifwifi.obj (.text:matchModeByRole)
                  0100d2d6    000000ae     freertos_builds_CC3220SF_LAUNCHXL_release_ccs.lib : queue.obj (.text:prvUnlockQueue)
                  0100d384    000000ac     simplelink.a : sl_socket.obj (.text:_SlSocketHandleAsync_Close)
                  0100d430    000000ac                  : sl_socket.obj (.text:_SlSocketHandleAsync_Connect)
                  0100d4dc    000000ac     freertos_builds_CC3220SF_LAUNCHXL_release_ccs.lib : clock.obj (.text:clock_gettime)
                  0100d588    000000a8     driverlib.a : interrupt.obj (.text:IntDisable)
                  0100d630    000000a8                 : interrupt.obj (.text:IntEnable)
                  0100d6d8    000000a8                 : prcm.obj (.text:PRCMPeripheralClockGet)
                  0100d780    000000a8     drivers_cc32xx.aem4 : PowerCC32XX.oem4 (.text:PowerCC32XX_configureWakeup)
                  0100d828    000000a8     freertos_builds_CC3220SF_LAUNCHXL_release_ccs.lib : heap_4.obj (.text:prvInsertBlockIntoFreeList)
                  0100d8d0    000000a8     simplelink.a : fs.obj (.text:sl_FsClose)
                  0100d978    000000a8     freertos_builds_CC3220SF_LAUNCHXL_release_ccs.lib : tasks.obj (.text:xTaskRemoveFromEventList)
                  0100da20    000000a6     simplelink.a : driver.obj (.text:_SlDrvIsTimeoutExpired)
                  0100dac6    00000002     --HOLE-- [fill = 0]
                  0100dac8    000000a4     mqtt_release.a : mqttclient.oem4 (.text:MQTTClient_create)
                  0100db6c    000000a4                    : mqttclient.oem4 (.text:MqttClientConfig)
                  0100dc10    000000a4     mqtt_client_app.obj (.text:Mqtt_IF_Connect)
                  0100dcb4    000000a4     simplelink.a : sl_socket.obj (.text:sl_Bind)
                  0100dd58    000000a0     freertos_builds_CC3220SF_LAUNCHXL_release_ccs.lib : ClockP_freertos.obj (.text:ClockP_create)
                  0100ddf8    000000a0     simplelink.a : fs.obj (.text:FsGetCreateFsMode)
                  0100de98    000000a0     network_if.obj (.text:SimpleLinkWlanEventHandler)
                  0100df38    000000a0     simplelink.a : sl_socket.obj (.text:_SlDrvUnRegisterForSelectAsync)
                  0100dfd8    000000a0                  : driver.obj (.text:_SlSpawnMsgListProcess)
                  0100e078    000000a0     mqtt_queue.obj (.text:sendMsg_MqttQueue)
                  0100e118    0000009e     simplelink.a : cc_pal.obj (.text:spi_Read)
                  0100e1b6    0000009e                  : cc_pal.obj (.text:spi_Write)
                  0100e254    0000009c     mqtt_release.a : client_core.oem4 (.text:MQTTClientCore_initLib)
                  0100e2f0    0000009c                    : client_core.oem4 (.text:MQTTClientCore_sendPubMsg)
                  0100e38c    0000009c                    : client_core.oem4 (.text:_msgDispatch)
                  0100e428    0000009c     rtsv7M4_T_le_eabi.lib : memcpy_t2.asm.obj (.text)
                  0100e4c4    0000009c     freertos_builds_CC3220SF_LAUNCHXL_release_ccs.lib : heap_4.obj (.text:vPortFree)
                  0100e560    0000009a     mqtt_release.a : client_core.oem4 (.text:procPubMsgRx)
                  0100e5fa    00000002     --HOLE-- [fill = 0]
                  0100e5fc    00000098     drivers_cc32xx.aem4 : GPIOCC32XX.oem4 (.text:powerNotifyFxn)
                  0100e694    00000096     mqtt_release.a : mqtt_net_func.oem4 (.text:MQTTNet_tcpSelect)
                  0100e72a    00000096     rtsv7M4_T_le_eabi.lib : ull_div_t2.asm.obj (.text)
                  0100e7c0    00000094     network_if.obj (.text:Network_IF_InitDriver)
                  0100e854    00000094     simplelink.a : cc_pal.obj (.text:Semaphore_pend_handle)
                  0100e8e8    00000094     drivers_cc32xx.aem4 : SPICC32XXDMA.oem4 (.text:initHw)
                  0100e97c    00000094     freertos_builds_CC3220SF_LAUNCHXL_release_ccs.lib : tasks.obj (.text:vTaskStartScheduler)
                  0100ea10    00000092     slnetsock_release.a : slnetsock.oem4 (.text:SlNetSock_create)
                  0100eaa2    00000092     rtsv7M4_T_le_eabi.lib : fs_div_t2.asm.obj (.text)
                  0100eb34    00000090     drivers_cc32xx.aem4 : I2CCC32XX.oem4 (.text:I2CCC32XX_transfer)
                  0100ebc4    00000090     slnetsock_release.a : slnetsock.oem4 (.text:SlNetSock_getVirtualSdConf)
                  0100ec54    00000090     simplelink.a : device.obj (.text:_SlDeviceHandleAsync_Stop)
                  0100ece4    00000090                  : sl_socket.obj (.text:_SlSocketHandleAsync_Accept)
                  0100ed74    00000090     mqtt_release.a : mqttclient.oem4 (.text:processPublishRxCB)
                  0100ee04    00000090     drivers_cc32xx.aem4 : PowerCC32XX.oem4 (.text:restoreNVICRegs)
                  0100ee94    0000008c     mqtt_release.a : client_core.oem4 (.text:MQTTClientCore_createCtx)
                  0100ef20    0000008c     slnetsock_release.a : slnetsock.oem4 (.text:SlNetSock_accept)
                  0100efac    0000008c     drivers_cc32xx.aem4 : UARTCC32XXDMA.oem4 (.text:UARTCC32XXDMA_write)
                  0100f038    0000008c     simplelink.a : driver.obj (.text:_SlDrvDriverIsApiAllowed)
                  0100f0c4    0000008c     freertos_builds_CC3220SF_LAUNCHXL_release_ccs.lib : clock.obj (.text:_clock_gettimeMono)
                  0100f150    0000008c     rtsv7M4_T_le_eabi.lib : fputc.c.obj (.text:fputc)
                  0100f1dc    0000008c     simplelink.a : sl_socket.obj (.text:sl_Recv)
                  0100f268    00000088     driverlib.a : pin.obj (.text:PinConfigSet)
                  0100f2f0    00000088     simplelink.a : driver.obj (.text:_SlDrvProtectAsyncRespSetting)
                  0100f378    00000088     mqtt_release.a : client_core.oem4 (.text:procConnackRx)
                  0100f400    00000088     freertos_builds_CC3220SF_LAUNCHXL_release_ccs.lib : timers.obj (.text:prvProcessTimerOrBlockTask)
                  0100f488    00000088     simplelink.a : eventreg.obj (.text:sl_UnregisterLibsEventHandler)
                  0100f510    00000088     uart_thread.obj (.text:uartThread)
                  0100f598    00000088     mqtt_release.a : client_core.oem4 (.text:wrConnectPayload)
                  0100f620    00000086     drivers_cc32xx.aem4 : I2CCC32XX.oem4 (.text:I2CCC32XX_primeTransfer)
                  0100f6a6    00000086     rtsv7M4_T_le_eabi.lib : fd_cmp_t2.asm.obj (.text:__aeabi_cdcmple)
                  0100f72c    00000086                           : fd_cmp_t2.asm.obj (.text:__aeabi_cdrcmple)
                  0100f7b2    00000002     --HOLE-- [fill = 0]
                  0100f7b4    00000084     drivers_cc32xx.aem4 : I2CCC32XX.oem4 (.text:I2CCC32XX_close)
                  0100f838    00000084                         : PowerCC32XX.oem4 (.text:Power_init)
                  0100f8bc    00000084     slnetifwifi.a : slnetifwifi.obj (.text:SlNetIfWifi_sockstartSec)
                  0100f940    00000084     slnetsock_release.a : slnetutils.oem4 (.text:SlNetUtil_getHostByName)
                  0100f9c4    00000084     mqtt_release.a : client_core.oem4 (.text:mqpSetupProcCtxDataRecv)
                  0100fa48    00000084     drivers_cc32xx.aem4 : PowerCC32XX.oem4 (.text:saveNVICRegs)
                  0100facc    00000084     simplelink.a : sl_socket.obj (.text:sl_SetSockOpt)
                  0100fb50    00000084     freertos_builds_CC3220SF_LAUNCHXL_release_ccs.lib : timers.obj (.text:xTimerGenericCommand)
                  0100fbd4    00000080     drivers_cc32xx.aem4 : PowerCC32XX.oem4 (.text:Power_setDependency)
                  0100fc54    00000080                         : UARTCC32XXDMA.oem4 (.text:UARTCC32XXDMA_read)
                  0100fcd4    00000080     mqtt_release.a : client_core.oem4 (.text:clCtxPartSend)
                  0100fd54    00000080     freertos_builds_CC3220SF_LAUNCHXL_release_ccs.lib : timers.obj (.text:prvProcessExpiredTimer)
                  0100fdd4    0000007e     drivers_cc32xx.aem4 : I2CCC32XX.oem4 (.text:I2CCC32XX_cancel)
                  0100fe52    00000002     --HOLE-- [fill = 0]
                  0100fe54    0000007c                         : UDMACC32XX.oem4 (.text:UDMACC32XX_open)
                  0100fed0    0000007c     mqtt_release.a : client_core.oem4 (.text:procCtxDataRecv)
                  0100ff4c    0000007c     color_task_queue.obj (.text:readMsg_ColorTaskQueue)
                  0100ffc8    0000007a     drivers_cc32xx.aem4 : UARTCC32XXDMA.oem4 (.text:UARTCC32XXDMA_readPolling)
                  01010042    0000007a     freertos_builds_CC3220SF_LAUNCHXL_release_ccs.lib : pthread.obj (.text:removeThreadKeys)
                  010100bc    0000007a     rtsv7M4_T_le_eabi.lib : fs_mul_t2.asm.obj (.text)
                  01010136    0000007a                           : memset_t2.asm.obj (.text)
                  010101b0    0000007a     freertos_builds_CC3220SF_LAUNCHXL_release_ccs.lib : tasks.obj (.text:xTaskCreate)
                  0101022a    00000002     --HOLE-- [fill = 0]
                  0101022c    00000078     drivers_cc32xx.aem4 : GPIOCC32XX.oem4 (.text:GPIO_hwiIntFxn)
                  010102a4    00000078     mqtt_release.a : mqtt_net_func.oem4 (.text:MQTTNet_recvFrom)
                  0101031c    00000078     drivers_cc32xx.aem4 : TimerCC32XX.oem4 (.text:TimerCC32XX_start)
                  01010394    00000078     freertos_builds_CC3220SF_LAUNCHXL_release_ccs.lib : timers.obj (.text:prvInsertTimerInActiveList)
                  0101040c    00000078     simplelink.a : sl_socket.obj (.text:sl_Socket)
                  01010484    00000074     mqtt_release.a : mqtt_net_func.oem4 (.text:MQTTNet_tcpAccept)
                  010104f8    00000074     slnetsock_release.a : slnetsock.oem4 (.text:SlNetSock_AllocVirtualSocket)
                  0101056c    00000074     rtsv7M4_T_le_eabi.lib : fclose.c.obj (.text:__TI_closefile)
                  010105e0    00000074     mqtt_release.a : client_core.oem4 (.text:groupCtxsRxPrep)
                  01010654    00000074     freertos_builds_CC3220SF_LAUNCHXL_release_ccs.lib : tasks.obj (.text:prvInitialiseTaskLists)
                  010106c8    00000074                                                       : pthread_mutex.obj (.text:pthread_mutex_init)
                  0101073c    00000074                                                       : port.obj (.text:vPortValidateInterruptPriority)
                  010107b0    00000072     mqtt_release.a : mqtt_common.oem4 (.text:MQTT_packetProcPubRx)
                  01010822    00000002     --HOLE-- [fill = 0]
                  01010824    00000070     simplelink.a : driver.obj (.text:_SlDrvCmdSend_noLock)
                  01010894    00000070     freertos_builds_CC3220SF_LAUNCHXL_release_ccs.lib : ClockP_freertos.obj (.text:setClockObjTimeout)
                  01010904    0000006e     rtsv7M4_T_le_eabi.lib : _printfi.c.obj (.text:_mcpy)
                  01010972    00000002     --HOLE-- [fill = 0]
                  01010974    0000006c     mqtt_release.a : mqttclient.oem4 (.text:MQTTClient_run)
                  010109e0    0000006c     slnetsock_release.a : slnetutils.oem4 (.text:SlNetUtil_str2BinIpV4)
                  01010a4c    0000006c     simplelink.a : device.obj (.text:_SlDeviceHandleResetRequestInternally)
                  01010ab8    0000006c                  : sl_socket.obj (.text:_SlDrvOpenCtrlSocket)
                  01010b24    0000006c                  : netapp.obj (.text:_SlNetAppSendTokenValue)
                  01010b90    0000006c     debug.obj (.text:dbgUARTInit)
                  01010bfc    0000006a     mqtt_release.a : mqtt_net_func.oem4 (.text:MQTTNet_sendTo)
                  01010c66    0000006a     freertos_builds_CC3220SF_LAUNCHXL_release_ccs.lib : queue.obj (.text:xQueueGenericCreate)
                  01010cd0    00000068     rtsv7M4_T_le_eabi.lib : hostlseek.c.obj (.text:HOSTlseek)
                  01010d38    00000068                           : hostrename.c.obj (.text:HOSTrename)
                  01010da0    00000068     mqtt_release.a : mqtt_common.oem4 (.text:MQTT_qos2PubCqUnlog)
                  01010e08    00000068     simplelink.a : driver.obj (.text:_SlSpawnMsgListGetCount)
                  01010e70    00000068     rtsv7M4_T_le_eabi.lib : copy_decompress_lzss.c.obj (.text:decompress:lzss:__TI_decompress_lzss)
                  01010ed8    00000068     drivers_cc32xx.aem4 : I2CCC32XX.oem4 (.text:initHw)
                  01010f40    00000068     rtsv7M4_T_le_eabi.lib : printf.c.obj (.text:printf)
                  01010fa8    00000068     simplelink.a : cc_pal.obj (.text:spi_Open)
                  01011010    00000066     freertos_builds_CC3220SF_LAUNCHXL_release_ccs.lib : timers.obj (.text:prvInitialiseNewTimer)
                  01011076    00000066                                                       : list.obj (.text:vListInsert)
                  010110dc    00000064                                                       : ClockP_freertos.obj (.text:ClockP_stop)
                  01011140    00000064     drivers_cc32xx.aem4 : GPIOCC32XX.oem4 (.text:GPIO_toggle)
                  010111a4    00000064     mqtt_release.a : mqtt_common.oem4 (.text:MQTT_packetPubAppendTopic)
                  01011208    00000064     drivers_cc32xx.aem4 : PowerCC32XX.oem4 (.text:PowerCC32XX_setParkState)
                  0101126c    00000064     freertos_builds_CC3220SF_LAUNCHXL_release_ccs.lib : pthread_mutex.obj (.text:acquireMutex)
                  010112d0    00000064     mqtt_release.a : client_core.oem4 (.text:clientReset)
                  01011334    00000064                    : client_core.oem4 (.text:doNetClose)
                  01011398    00000064     rtsv7M4_T_le_eabi.lib : fseek.c.obj (.text:fseek)
                  010113fc    00000064     freertos_builds_CC3220SF_LAUNCHXL_release_ccs.lib : tasks.obj (.text:prvGetExpectedIdleTime)
                  01011460    00000062     rtsv7M4_T_le_eabi.lib : _io_perm.c.obj (.text:__TI_wrt_ok)
                  010114c2    00000002     --HOLE-- [fill = 0]
                  010114c4    00000060                           : hostopen.c.obj (.text:HOSTopen)
                  01011524    00000060     freertos_builds_CC3220SF_LAUNCHXL_release_ccs.lib : HwiPCC32XX_freertos.obj (.text:HwiP_create)
                  01011584    00000060     driverlib.a : prcm.obj (.text:PRCMSysResetCauseGet)
                  010115e4    00000060     slnetsock_release.a : slnetsock.oem4 (.text:SlNetSock_recvFrom)
                  01011644    00000060                         : slnetsock.oem4 (.text:SlNetSock_sendTo)
                  010116a4    00000060     drivers_cc32xx.aem4 : UARTCC32XXDMA.oem4 (.text:UARTCC32XXDMA_control)
                  01011704    00000060     rtsv7M4_T_le_eabi.lib : fs_cmp_t2.asm.obj (.text:__aeabi_cfcmple)
                  01011764    00000060                           : fs_cmp_t2.asm.obj (.text:__aeabi_cfrcmple)
                  010117c4    00000060     freertos_builds_CC3220SF_LAUNCHXL_release_ccs.lib : pthread_mutex.obj (.text:pthread_mutex_unlock)
                  01011824    0000005e     slnetifwifi.a : slnetifwifi.obj (.text:SlNetIfWifi_setSockOpt)
                  01011882    0000005e     freertos_builds_CC3220SF_LAUNCHXL_release_ccs.lib : semaphore.obj (.text:sem_timedwait)
                  010118e0    0000005c     drivers_cc32xx.aem4 : GPIOCC32XX.oem4 (.text:GPIO_setCallback)
                  0101193c    0000005c     mqtt_release.a : mqtt_net_func.oem4 (.text:MQTTNet_tcpListen)
                  01011998    0000005c     network_if.obj (.text:Network_IF_IpConfigGet)
                  010119f4    0000005c     simplelink.a : spawn.obj (.text:_SlInternalSpawn)
                  01011a50    0000005c     freertos_builds_CC3220SF_LAUNCHXL_release_ccs.lib : memory.obj (.text:calloc)
                  01011aac    0000005c     rtsv7M4_T_le_eabi.lib : close.c.obj (.text:close)
                  01011b08    0000005c     color_sensor_timer.obj (.text:colorSensorTimerCallback)
                  01011b64    0000005c     rtsv7M4_T_le_eabi.lib : s_frexp.c.obj (.text:frexp)
                  01011bc0    0000005c     freertos_builds_CC3220SF_LAUNCHXL_release_ccs.lib : tasks.obj (.text:prvIdleTask)
                  01011c1c    0000005c                                                       : pthread.obj (.text:pthread_exit)
                  01011c78    0000005c     uart_queue.obj (.text:sendMsgToUart)
                  01011cd4    0000005c     freertos_builds_CC3220SF_LAUNCHXL_release_ccs.lib : queue.obj (.text:vQueueWaitForMessageRestricted)
                  01011d30    0000005c                                                       : tasks.obj (.text:vTaskDelay)
                  01011d8c    00000058     drivers_cc32xx.aem4 : GPIOCC32XX.oem4 (.text:GPIO_write)
                  01011de4    00000058     rtsv7M4_T_le_eabi.lib : hostread.c.obj (.text:HOSTread)
                  01011e3c    00000058                           : hostwrite.c.obj (.text:HOSTwrite)
                  01011e94    00000058     driverlib.a : interrupt.obj (.text:IntPendClear)
                  01011eec    00000058                 : prcm.obj (.text:PRCMPeripheralReset)
                  01011f44    00000058     drivers_cc32xx.aem4 : PowerCC32XX.oem4 (.text:Power_releaseDependency)
                  01011f9c    00000058     network_if.obj (.text:SimpleLinkNetAppEventHandler)
                  01011ff4    00000058     slnetsock_release.a : slnetsock.oem4 (.text:SlNetSock_recv)
                  0101204c    00000058                         : slnetsock.oem4 (.text:SlNetSock_send)
                  010120a4    00000058     simplelink.a : sl_socket.obj (.text:_SlDrvClearCtrlSocket)
                  010120fc    00000058     mqtt_release.a : client_core.oem4 (.text:clRecv)
                  01012154    00000058     freertos_builds_CC3220SF_LAUNCHXL_release_ccs.lib : tasks.obj (.text:eTaskConfirmSleepModeStatus)
                  010121ac    00000058     mqtt_release.a : client_core.oem4 (.text:singleCtxKaSequence)
                  01012204    00000058     simplelink.a : sl_socket.obj (.text:sl_Listen)
                  0101225c    00000058                  : eventreg.obj (.text:sl_RegisterLibsEventHandler)
                  010122b4    00000058     freertos_builds_CC3220SF_LAUNCHXL_release_ccs.lib : port.obj (.text:vPortSetupTimerInterrupt)
                  0101230c    00000058                                                       : queue.obj (.text:xQueueCreateCountingSemaphore)
                  01012364    00000058                                                       : queue.obj (.text:xQueueTakeMutexRecursive)
                  010123bc    00000056     mqtt_release.a : mqtt_common.oem4 (.text:MQTT_packetPubAppendData)
                  01012412    00000056     freertos_builds_CC3220SF_LAUNCHXL_release_ccs.lib : SemaphoreP_freertos.obj (.text:SemaphoreP_create)
                  01012468    00000056     drivers_cc32xx.aem4 : TimerCC32XX.oem4 (.text:TimerCC32XX_stop)
                  010124be    00000056     rtsv7M4_T_le_eabi.lib : _printfi.c.obj (.text:_pconv_f)
                  01012514    00000056     mqtt_release.a : client_core.oem4 (.text:procAckMsgRx)
                  0101256a    00000002     --HOLE-- [fill = 0]
                  0101256c    00000054     freertos_builds_CC3220SF_LAUNCHXL_release_ccs.lib : ClockP_freertos.obj (.text:ClockP_delete)
                  010125c0    00000054     driverlib.a : interrupt.obj (.text:IntPrioritySet)
                  01012614    00000054     mqtt_release.a : client_core.oem4 (.text:MQTTClientCore_sendDisconn)
                  01012668    00000054     simplelink.a : driver.obj (.text:_SlDrvRxIrqHandler)
                  010126bc    00000054     mqtt_release.a : client_core.oem4 (.text:grpNetSetupCreate)
                  01012710    00000054     rtsv7M4_T_le_eabi.lib : ltoa.c.obj (.text:ltoa)
                  01012764    00000054     freertos_builds_CC3220SF_LAUNCHXL_release_ccs.lib : timers.obj (.text:xTimerCreateTimerTask)
                  010127b8    00000052     drivers_cc32xx.aem4 : PowerCC32XX_asm.oem4 (.text:PowerCC32XX_resumeLPDS)
                  0101280a    00000052     rtsv7M4_T_le_eabi.lib : _printfi.c.obj (.text:_ecpy)
                  0101285c    00000052     drivers_cc32xx.aem4 : TimerCC32XX.oem4 (.text:initHw)
                  010128ae    00000050                         : I2CCC32XX.oem4 (.text:I2CCC32XX_completeTransfer)
                  010128fe    00000002     --HOLE-- [fill = 0]
                  01012900    00000050     simplelink.a : cc_pal.obj (.text:NwpRegisterInterruptHandler)
                  01012950    00000050     slnetsock_release.a : slnetif.oem4 (.text:SlNetIf_queryIf)
                  010129a0    00000050     drivers_cc32xx.aem4 : TimerCC32XX.oem4 (.text:TimerCC32XX_allocateTimerResource)
                  010129f0    00000050                         : UARTCC32XXDMA.oem4 (.text:UARTCC32XXDMA_writePolling)
                  01012a40    00000050     simplelink.a : sl_socket.obj (.text:_SlDrvCloseCtrlSocket)
                  01012a90    00000050                  : driver.obj (.text:_SlDrvCmdSend_noWait)
                  01012ae0    00000050                  : driver.obj (.text:_SlDrvUpdateApiInProgress)
                  01012b30    00000050                  : spawn.obj (.text:_SlInternalSpawnTaskEntry)
                  01012b80    00000050                  : eventreg.obj (.text:_SlNetAppHttpServerHdlr)
                  01012bd0    00000050                  : eventreg.obj (.text:_SlNetAppRequestHdlr)
                  01012c20    00000050     mqtt_release.a : client_core.oem4 (.text:_procAckMsgRx)
                  01012c70    00000050     freertos_builds_CC3220SF_LAUNCHXL_release_ccs.lib : port.obj (.text:pxPortInitialiseStack)
                  01012cc0    00000050                                                       : semaphore.obj (.text:sem_init)
                  01012d10    00000050                                                       : queue.obj (.text:xQueueGiveMutexRecursive)
                  01012d60    0000004e     mqtt_release.a : client_core.oem4 (.text:MQTTClientCore_registerWillInfo)
                  01012dae    0000004e     drivers_cc32xx.aem4 : UARTCC32XXDMA.oem4 (.text:writeCancel)
                  01012dfc    0000004c                         : GPIOCC32XX.oem4 (.text:GPIO_enableInt)
                  01012e48    0000004c     simplelink.a : cc_pal.obj (.text:NwpWaitForShutDownInd)
                  01012e94    0000004c     drivers_cc32xx.aem4 : PowerCC32XX.oem4 (.text:PowerCC32XX_parkPin)
                  01012ee0    0000004c     slnetifwifi.a : slnetifwifi.obj (.text:SlNetIfWifi_getConnectionStatus)
                  01012f2c    0000004c     slnetsock_release.a : slnetsock.oem4 (.text:SlNetSock_freeVirtualSocket)
                  01012f78    0000004c                         : slnetsock.oem4 (.text:SlNetSock_startSec)
                  01012fc4    0000004c     rtsv7M4_T_le_eabi.lib : fflush.c.obj (.text:__TI_doflush)
                  01013010    0000004c     mqtt_release.a : client_core.oem4 (.text:ack1WlMqpDispatch)
                  0101305c    0000004c     rtsv7M4_T_le_eabi.lib : atoi.c.obj (.text:atoi)
                  010130a8    0000004c     freertos_builds_CC3220SF_LAUNCHXL_release_ccs.lib : startup_cc32xx_ccs.obj (.text:initVectors)
                  010130f4    0000004c     mqtt_release.a : client_core.oem4 (.text:loopbTrigger)
                  01013140    0000004c     freertos_builds_CC3220SF_LAUNCHXL_release_ccs.lib : timers.obj (.text:prvCheckForValidListAndQueue)
                  0101318c    0000004c                                                       : tasks.obj (.text:prvCheckTasksWaitingTermination)
                  010131d8    0000004c     drivers_cc32xx.aem4 : PowerCC32XX.oem4 (.text:restorePeriphClocks)
                  01013224    0000004c     mqtt_release.a : client_core.oem4 (.text:singleCtxRxPrep)
                  01013270    0000004c     simplelink.a : wlan.obj (.text:sl_WlanSetMode)
                  010132bc    0000004c     rtsv7M4_T_le_eabi.lib : snprintf.c.obj (.text:snprintf)
                  01013308    0000004c     freertos_builds_CC3220SF_LAUNCHXL_release_ccs.lib : port.obj (.text:vPortEnterCritical)
                  01013354    0000004a     mqtt_release.a : client_core.oem4 (.text:clCtxRecv)
                  0101339e    0000004a     drivers_cc32xx.aem4 : UARTCC32XXDMA.oem4 (.text:readCancel)
                  010133e8    00000048     driverlib.a : flash.obj (.text:FlashDisable)
                  01013430    00000048     freertos_builds_CC3220SF_LAUNCHXL_release_ccs.lib : HwiPCC32XX_freertos.obj (.text:HwiP_dispatch)
                  01013478    00000048     mqtt_release.a : mqttclient.oem4 (.text:MQTTClient_set)
                  010134c0    00000048     driverlib.a : prcm.obj (.text:PRCMLPDSEnter)
                  01013508    00000048                 : prcm.obj (.text:PRCMPeripheralClkEnable)
                  01013550    00000048     drivers_cc32xx.aem4 : PowerCC32XX.oem4 (.text:Power_releaseConstraint)
                  01013598    00000048     slnetsock_release.a : slnetsock.oem4 (.text:SlNetSock_connect)
                  010135e0    00000048                         : slnetsock.oem4 (.text:SlNetSock_init)
                  01013628    00000048                         : slnetsock.oem4 (.text:SlNetSock_setOpt)
                  01013670    00000048     simplelink.a : eventreg.obj (.text:_SlDeviceFatalErrorEvtHdlr)
                  010136b8    00000048                  : eventreg.obj (.text:_SlDeviceGeneralEvtHdlr)
                  01013700    00000048                  : driver.obj (.text:_SlDrvBasicCmd)
                  01013748    00000048                  : driver.obj (.text:_SlDrvSyncObjWaitTimeout)
                  01013790    00000048                  : eventreg.obj (.text:_SlNetAppEvtHdlr)
                  010137d8    00000048                  : eventreg.obj (.text:_SlNetAppRequestMemFree)
                  01013820    00000048                  : eventreg.obj (.text:_SlSockEvtHdlr)
                  01013868    00000048                  : eventreg.obj (.text:_SlWlanEvtHdlr)
                  010138b0    00000048     mqtt_release.a : client_core.oem4 (.text:clCtxSetup)
                  010138f8    00000048     rtsv7M4_T_le_eabi.lib : exit.c.obj (.text:exit)
                  01013940    00000048     jsonParse.obj (.text:jsoneq)
                  01013988    00000048     rtsv7M4_T_le_eabi.lib : fd_toi_t2.asm.obj (.text)
                  010139d0    00000048     freertos_builds_CC3220SF_LAUNCHXL_release_ccs.lib : sleep.obj (.text:sleep)
                  01013a18    00000048                                                       : list.obj (.text:uxListRemove)
                  01013a60    00000048     mqtt_release.a : client_core.oem4 (.text:wrConnectVh)
                  01013aa8    00000046     drivers_cc32xx.aem4 : TimerCC32XX.oem4 (.text:getPrescaler)
                  01013aee    00000002     --HOLE-- [fill = 0]
                  01013af0    00000044     rtsv7M4_T_le_eabi.lib : hostclose.c.obj (.text:HOSTclose)
                  01013b34    00000044                           : hostunlink.c.obj (.text:HOSTunlink)
                  01013b78    00000044     drivers_cc32xx.aem4 : I2C.oem4 (.text:I2C_init)
                  01013bbc    00000044     mqtt_release.a : client_core.oem4 (.text:MQTTClientCore_run)
                  01013c00    00000044                    : mqtt_net_func.oem4 (.text:MQTTNet_tcpRecv)
                  01013c44    00000044     driverlib.a : prcm.obj (.text:PRCMLPDSRestoreInfoSet)
                  01013c88    00000044     drivers_cc32xx.aem4 : PowerCC32XX_asm.oem4 (.text:PowerCC32XX_enterLPDS)
                  01013ccc    00000044                         : SPI.oem4 (.text:SPI_init)
                  01013d10    00000044     slnetsock_release.a : slnetutils.oem4 (.text:SlNetUtil_strTok)
                  01013d54    00000044     drivers_cc32xx.aem4 : Timer.oem4 (.text:Timer_init)
                  01013d98    00000044                         : UART.oem4 (.text:UART_init)
                  01013ddc    00000044     rtsv7M4_T_le_eabi.lib : autoinit.c.obj (.text:__TI_auto_init_nobinit_nopinit:__TI_auto_init_nobinit_nopinit)
                  01013e20    00000044                           : getdevice.c.obj (.text:getdevice)
                  01013e64    00000044     freertos_builds_CC3220SF_LAUNCHXL_release_ccs.lib : queue.obj (.text:prvInitialiseNewQueue)
                  01013ea8    00000044                                                       : tasks.obj (.text:vTaskStepTick)
                  01013eec    00000044     mqtt_release.a : client_core.oem4 (.text:vhMsgSend)
                  01013f30    00000042                    : mqtt_common.oem4 (.text:MQTT_packetBufRdRemlen)
                  01013f72    00000042     freertos_builds_CC3220SF_LAUNCHXL_release_ccs.lib : memory.obj (.text:malloc)
                  01013fb4    00000040     simplelink.a : sl_socket.obj (.text:CountSetBits)
                  01013ff4    00000040     drivers_cc32xx.aem4 : I2C.oem4 (.text:I2C_open)
                  01014034    00000040     network_if.obj (.text:InitializeAppVariables)
                  01014074    00000040     mqtt_release.a : client_core.oem4 (.text:MQTTClientCore_registerCtxInfo)
                  010140b4    00000040     mqtt_client_app.obj (.text:MQTT_publish)
                  010140f4    00000040     driverlib.a : pin.obj (.text:PinModeSet)
                  01014134    00000040     drivers_cc32xx.aem4 : SPI.oem4 (.text:SPI_open)
                  01014174    00000040     slnetsock_release.a : slnetsock.oem4 (.text:SlNetSock_bind)
                  010141b4    00000040                         : slnetsock.oem4 (.text:SlNetSock_secAttribSet)
                  010141f4    00000040     drivers_cc32xx.aem4 : Timer.oem4 (.text:Timer_open)
                  01014234    00000040                         : UART.oem4 (.text:UART_open)
                  01014274    00000040                         : UDMACC32XX.oem4 (.text:UDMACC32XX_init)
                  010142b4    00000040     simplelink.a : driver.obj (.text:_SlDrvGlobalObjUnLock)
                  010142f4    00000040                  : driver.obj (.text:_SlFindAndReleasePendingCmd)
                  01014334    00000040                  : spawn.obj (.text:_SlInternalSpawnWaitForEvent)
                  01014374    00000040                  : eventreg.obj (.text:_SlIsEventRegistered)
                  010143b4    00000040     mqtt_release.a : mqttclient.oem4 (.text:_sl_ExtLib_ServerAckLockedWait)
                  010143f4    00000040     jsonParse.obj (.text:jsmn_alloc_token)
                  01014434    00000040     mqtt_release.a : client_core.oem4 (.text:netConnect)
                  01014474    00000040     mqtt_queue.obj (.text:receivedMsg_MqttQueue)
                  010144b4    00000040     rtsv7M4_T_le_eabi.lib : sprintf.c.obj (.text:sprintf)
                  010144f4    00000040     freertos_builds_CC3220SF_LAUNCHXL_release_ccs.lib : tasks.obj (.text:vTaskPlaceOnEventListRestricted)
                  01014534    0000003e                                                       : ClockP_freertos.obj (.text:ClockP_callbackFxn)
                  01014572    0000003e     mqtt_release.a : mqtt_common.oem4 (.text:MQTT_packetAckWlistRemove)
                  010145b0    0000003e                    : mqtt_common.oem4 (.text:MQTT_packetBufTailWrRemlen)
                  010145ee    0000003e     slnetsock_release.a : slnetsock.oem4 (.text:SlNetSock_close)
                  0101462c    0000003e     simplelink.a : sl_socket.obj (.text:_SlSocketBuildAddress)
                  0101466a    0000003e     rtsv7M4_T_le_eabi.lib : _printfi.c.obj (.text:_fcpy)
                  010146a8    0000003e     mqtt_release.a : client_core.oem4 (.text:clCtxSeg1Send)
                  010146e6    0000003e                    : client_core.oem4 (.text:procPingrspRx)
                  01014724    0000003e     freertos_builds_CC3220SF_LAUNCHXL_release_ccs.lib : pthread.obj (.text:pthread_setcancelstate)
                  01014762    0000003e                                                       : semaphore.obj (.text:sem_post)
                  010147a0    0000003c     mqtt_release.a : client_core.oem4 (.text:MQTTClientCore_registerBuffers)
                  010147dc    0000003c                    : mqttclient.oem4 (.text:MQTTClient_disconnect)
                  01014818    0000003c                    : mqtt_common.oem4 (.text:MQTT_qos2PubCqCheck)
                  01014854    0000003c     network_if.obj (.text:Network_IF_DisconnectFromAP)
                  01014890    0000003c     driverlib.a : prcm.obj (.text:PRCMSlowClkCtrFastGet)
                  010148cc    0000003c     drivers_cc32xx.aem4 : PowerCC32XX.oem4 (.text:Power_setConstraint)
                  01014908    0000003c     network_if.obj (.text:SimpleLinkSockEventHandler)
                  01014944    0000003c     simplelink.a : netapp.obj (.text:_SlNetAppCopyPingResultsToReport)
                  01014980    0000003c     color_sensor_timer.obj (.text:init_colorSensorTimer)
                  010149bc    0000003c     mqtt_release.a : mqttclient.oem4 (.text:processDisconnCB)
                  010149f8    0000003c     freertos_builds_CC3220SF_LAUNCHXL_release_ccs.lib : queue.obj (.text:prvCopyDataFromQueue)
                  01014a34    0000003c                                                       : tasks.obj (.text:prvResetNextTaskUnblockTime)
                  01014a70    0000003c                                                       : tasks.obj (.text:pvTaskGetThreadLocalStoragePointer)
                  01014aac    0000003c     mqtt_release.a : client_core.oem4 (.text:singleCtxRxPrepLocked)
                  01014ae8    0000003c                    : client_core.oem4 (.text:tailIncorpMsgID)
                  01014b24    0000003c     simplelink.a : sl_socket.obj (.text:to_mSec)
                  01014b60    0000003c     freertos_builds_CC3220SF_LAUNCHXL_release_ccs.lib : sleep.obj (.text:usleep)
                  01014b9c    0000003c                                                       : list.obj (.text:vListInsertEnd)
                  01014bd8    0000003c                                                       : timers.obj (.text:xTimerCreate)
                  01014c14    0000003a     slnetifwifi.a : slnetifwifi.obj (.text:SlNetIfWifi_getIPAddr)
                  01014c4e    0000003a     drivers_cc32xx.aem4 : TimerCC32XX.oem4 (.text:TimerCC32XX_close)
                  01014c88    0000003a     mqtt_release.a : mqtt_common.oem4 (.text:mqpProcVhMsgIdRx)
                  01014cc2    00000002     --HOLE-- [fill = 0]
                  01014cc4    00000038                    : client_core.oem4 (.text:MQTTClientCore_registerNetSvc)
                  01014cfc    00000038                    : mqtt_common.oem4 (.text:MQTT_qos2PubCqLogup)
                  01014d34    00000038     driverlib.a : prcm.obj (.text:PRCMLPDSEnterKeepDebugIf)
                  01014d6c    00000038     slnetifwifi.a : slnetifwifi.obj (.text:SlNetIfWifi_recvFrom)
                  01014da4    00000038                   : slnetifwifi.obj (.text:SlNetIfWifi_sendTo)
                  01014ddc    00000038                   : slnetifwifi.obj (.text:SlNetIfWifi_socket)
                  01014e14    00000038     slnetsock_release.a : slnetif.oem4 (.text:SlNetIf_configCheck)
                  01014e4c    00000038                         : slnetsock.oem4 (.text:SlNetSock_listen)
                  01014e84    00000038                         : slnetutils.oem4 (.text:SlNetUtil_htonl)
                  01014ebc    00000038     rtsv7M4_T_le_eabi.lib : trgmsg.c.obj (.text:__TI_writemsg)
                  01014ef4    00000038     mqtt_release.a : client_core.oem4 (.text:mqpAllocAtomic)
                  01014f2c    00000038                    : client_core.oem4 (.text:netRecv)
                  01014f64    00000038     drivers_cc32xx.aem4 : PowerCC32XX.oem4 (.text:notify)
                  01014f9c    00000038     freertos_builds_CC3220SF_LAUNCHXL_release_ccs.lib : timers.obj (.text:prvGetNextExpireTime)
                  01014fd4    00000038                                                       : port.obj (.text:prvTaskExitError)
                  0101500c    00000038     rtsv7M4_T_le_eabi.lib : fs_tod_t2.asm.obj (.text)
                  01015044    00000038     basic_queue.obj (.text:sendMsgToQueue_ISR)
                  0101507c    00000038     drivers_cc32xx.aem4 : UARTCC32XXDMA.oem4 (.text:startTxFifoEmptyClk)
                  010150b4    00000036     mqtt_release.a : mqtt_common.oem4 (.text:MQTT_packetPrepFh)
                  010150ea    00000036     slnetifwifi.a : slnetifwifi.obj (.text:SlNetIfWifi_getHostByName)
                  01015120    00000036                   : slnetifwifi.obj (.text:SlNetIfWifi_select)
                  01015156    00000036     drivers_cc32xx.aem4 : TimerCC32XX.oem4 (.text:TimerCC32XX_hwiIntFunction)
                  0101518c    00000036     driverlib.a : timer.obj (.text:TimerControlStall)
                  010151c2    00000036     mqtt_release.a : client_core.oem4 (.text:_procPubRecRx)
                  010151f8    00000036     rtsv7M4_T_le_eabi.lib : strncpy.c.obj (.text:strncpy)
                  0101522e    00000002     --HOLE-- [fill = 0]
                  01015230    00000034     driverlib.a : pin.obj (.text:PinModeGet)
                  01015264    00000034     drivers_cc32xx.aem4 : PowerCC32XX.oem4 (.text:PowerCC32XX_restoreParkState)
                  01015298    00000034     freertos_builds_CC3220SF_LAUNCHXL_release_ccs.lib : SemaphoreP_freertos.obj (.text:SemaphoreP_pend)
                  010152cc    00000034     slnetsock_release.a : slnetutils.oem4 (.text:SlNetUtil_htons)
                  01015300    00000034     drivers_cc32xx.aem4 : TimerCC32XX.oem4 (.text:TimerCC32XX_freeTimerResource)
                  01015334    00000034                         : UDMACC32XX.oem4 (.text:UDMACC32XX_close)
                  01015368    00000034     rtsv7M4_T_le_eabi.lib : fopen.c.obj (.text:__TI_cleanup)
                  0101539c    00000034                           : trgmsg.c.obj (.text:__TI_readmsg)
                  010153d0    00000034     drivers_cc32xx.aem4 : TimerCC32XX.oem4 (.text:getPowerMgrId)
                  01015404    00000034     mqtt_release.a : client_core.oem4 (.text:groupCtxsKaSequence)
                  01015438    00000034                    : client_core.oem4 (.text:mqpFreeLocked)
                  0101546c    00000034                    : client_core.oem4 (.text:procLoopbackRecv)
                  010154a0    00000034     freertos_builds_CC3220SF_LAUNCHXL_release_ccs.lib : timers.obj (.text:prvSampleTimeNow)
                  010154d4    00000034                                                       : tasks.obj (.text:vTaskPlaceOnEventList)
                  01015508    00000034                                                       : tasks.obj (.text:vTaskSetThreadLocalStoragePointer)
                  0101553c    00000034     drivers_cc32xx.aem4 : UARTCC32XXDMA.oem4 (.text:writeFinishedDoCallback)
                  01015570    00000032     mqtt_release.a : mqtt_common.oem4 (.text:MQTT_clCtxTimeoutInsert)
                  010155a2    00000032     mqtt_client_app.obj (.text:MqttClientThread)
                  010155d4    00000032     mqtt_release.a : client_core.oem4 (.text:connectedStateRx)
                  01015606    00000032     basic_queue.obj (.text:readMsqFromQueue)
                  01015638    00000030     drivers_cc32xx.aem4 : PowerCC32XX.oem4 (.text:PowerCC32XX_restoreParkedPin)
                  01015668    00000030     simplelink.a : fs.obj (.text:_SlFsStrlen)
                  01015698    00000030     rtsv7M4_T_le_eabi.lib : snprintf.c.obj (.text:_outs)
                  010156c8    00000030     mqtt_release.a : client_core.oem4 (.text:ack2MsgIdUnlog)
                  010156f8    00000030                    : client_core.oem4 (.text:bufUTF8WrTry)
                  01015728    00000030                    : client_core.oem4 (.text:clientDescInit)
                  01015758    00000030     rtsv7M4_T_le_eabi.lib : getdevice.c.obj (.text:finddevice)
                  01015788    00000030     mqtt_release.a : mqttclient.oem4 (.text:getAvailableClictxMem)
                  010157b8    00000030     mqtt_queue.obj (.text:sendCmdMsg_MqttQueue)
                  010157e8    00000030     freertos_builds_CC3220SF_LAUNCHXL_release_ccs.lib : list.obj (.text:vListInitialise)
                  01015818    00000030                                                       : port.obj (.text:vPortExitCritical)
                  01015848    00000030                                                       : tasks.obj (.text:xTaskGetSchedulerState)
                  01015878    0000002e     simplelink.a : cc_pal.obj (.text:Mutex_create_handle)
                  010158a6    0000002e     freertos_builds_CC3220SF_LAUNCHXL_release_ccs.lib : timers.obj (.text:pvTimerGetTimerID)
                  010158d4    0000002e     rtsv7M4_T_le_eabi.lib : i_tofd_t2.asm.obj (.text)
                  01015902    00000002     --HOLE-- [fill = 0]
                  01015904    0000002c     freertos_builds_CC3220SF_LAUNCHXL_release_ccs.lib : HwiPCC32XX_freertos.obj (.text:HwiP_disable)
                  01015930    0000002c     simplelink.a : cc_pal.obj (.text:NwpPowerOn)
                  0101595c    0000002c     driverlib.a : prcm.obj (.text:PRCMLPDSIntervalSet)
                  01015988    0000002c     drivers_cc32xx.aem4 : PowerCC32XX.oem4 (.text:PowerCC32XX_getParkState)
                  010159b4    0000002c     freertos_builds_CC3220SF_LAUNCHXL_release_ccs.lib : SemaphoreP_freertos.obj (.text:SemaphoreP_createBinary)
                  010159e0    0000002c     slnetifwifi.a : slnetifwifi.obj (.text:SlNetIfWifi_recv)
                  01015a0c    0000002c                   : slnetifwifi.obj (.text:SlNetIfWifi_send)
                  01015a38    0000002c     simplelink.a : driver.obj (.text:_SlDrvSyncObjWaitForever)
                  01015a64    0000002c     uart_queue.obj (.text:createUartQueue)
                  01015a90    0000002c     mqtt_queue.obj (.text:create_MqttQueue)
                  01015abc    0000002c     mqtt_release.a : client_core.oem4 (.text:doNetCloseRx)
                  01015ae8    0000002c     jsonParse.obj (.text:jsmn_fill_token)
                  01015b14    0000002c     freertos_builds_CC3220SF_LAUNCHXL_release_ccs.lib : pthread_mutex.obj (.text:pthread_mutexattr_settype)
                  01015b40    0000002c     uart_queue.obj (.text:readMsqFromUartQueue)
                  01015b6c    0000002c     mqtt_release.a : client_core.oem4 (.text:singleCtxAdjWaitSecsGet)
                  01015b98    0000002c     rtsv7M4_T_le_eabi.lib : strncmp.c.obj (.text:strncmp)
                  01015bc4    0000002c                           : unlink.c.obj (.text:unlink)
                  01015bf0    0000002c     freertos_builds_CC3220SF_LAUNCHXL_release_ccs.lib : tasks.obj (.text:vTaskSetApplicationTaskTag)
                  01015c1c    0000002c                                                       : port.obj (.text:xPortSysTickHandler)
                  01015c48    0000002c                                                       : queue.obj (.text:xQueueCreateMutex)
                  01015c74    0000002a     slnetsock_release.a : slnetutils.oem4 (.text:SlNetUtil_inetPton)
                  01015c9e    0000002a     driverlib.a : timer.obj (.text:TimerLoadSet)
                  01015cc8    0000002a                 : timer.obj (.text:TimerPrescaleSet)
                  01015cf2    0000002a     drivers_cc32xx.aem4 : UARTCC32XXDMA.oem4 (.text:UARTCC32XXDMA_readCancel)
                  01015d1c    0000002a                         : UARTCC32XXDMA.oem4 (.text:UARTCC32XXDMA_writeCancel)
                  01015d46    0000002a     mqtt_release.a : client_core.oem4 (.text:ack2MsgIdDispatch)
                  01015d70    0000002a                    : client_core.oem4 (.text:pingReqSend)
                  01015d9a    0000002a     freertos_builds_CC3220SF_LAUNCHXL_release_ccs.lib : queue.obj (.text:prvInitialiseMutex)
                  01015dc4    0000002a     mqtt_release.a : client_core.oem4 (.text:txPartSetup)
                  01015dee    0000002a     freertos_builds_CC3220SF_LAUNCHXL_release_ccs.lib : queue.obj (.text:uxQueueMessagesWaiting)
                  01015e18    00000028                                                       : HwiPCC32XX_freertos.obj (.text:HwiP_inISR)
                  01015e40    00000028     mqtt_release.a : mqtt_common.oem4 (.text:MQTT_packetBufWrUtf8)
                  01015e68    00000028     driverlib.a : prcm.obj (.text:PRCMLPDSWakeupSourceEnable)
                  01015e90    00000028                 : prcm.obj (.text:PRCMPeripheralClkDisable)
                  01015eb8    00000028     drivers_cc32xx.aem4 : PowerCC32XX.oem4 (.text:Power_registerNotify)
                  01015ee0    00000028     slnetsock_release.a : slnetif.oem4 (.text:SlNetIf_getIfByID)
                  01015f08    00000028                         : slnetsock.oem4 (.text:SlNetSock_sdsIsSet)
                  01015f30    00000028                         : slnetsock.oem4 (.text:SlNetSock_sdsSet)
                  01015f58    00000028                         : slnetsock.oem4 (.text:SlNetSock_secAttribDelete)
                  01015f80    00000028     simplelink.a : driver.obj (.text:_SlDrvProtectionObjLockWaitForever)
                  01015fa8    00000028                  : driver.obj (.text:_SlDrvProtectionObjUnLock)
                  01015fd0    00000028                  : flowcont.obj (.text:_SlFlowContSet)
                  01015ff8    00000028     mqtt_release.a : client_core.oem4 (.text:_procPubRelRx)
                  01016020    00000028                    : mqttclient.oem4 (.text:_sl_ExtLib_AwaitedAckLockedSet)
                  01016048    00000028     rtsv7M4_T_le_eabi.lib : lseek.c.obj (.text:lseek)
                  01016070    00000028     freertos_builds_CC3220SF_LAUNCHXL_release_ccs.lib : pthread.obj (.text:pthread_attr_setschedparam)
                  01016098    00000028     mqtt_queue.obj (.text:readMsg_MqttQueue)
                  010160c0    00000028     freertos_builds_CC3220SF_LAUNCHXL_release_ccs.lib : semaphore.obj (.text:sem_trywait)
                  010160e8    00000028     rtsv7M4_T_le_eabi.lib : write.c.obj (.text:write)
                  01016110    00000028     freertos_builds_CC3220SF_LAUNCHXL_release_ccs.lib : tasks.obj (.text:xTaskGetApplicationTaskTag)
                  01016138    00000026     drivers_cc32xx.aem4 : List.oem4 (.text:List_put)
                  0101615e    00000026                         : List.oem4 (.text:List_remove)
                  01016184    00000026     mqtt_release.a : mqtt_common.oem4 (.text:MQTT_clCtxRemove)
                  010161aa    00000026     freertos_builds_CC3220SF_LAUNCHXL_release_ccs.lib : pthread.obj (.text:_pthread_cleanup_pop)
                  010161d0    00000026     basic_queue.obj (.text:createQueue)
                  010161f6    00000026     freertos_builds_CC3220SF_LAUNCHXL_release_ccs.lib : queue.obj (.text:prvIsQueueFull)
                  0101621c    00000024     driverlib.a : interrupt.obj (.text:IntUnregister)
                  01016240    00000024     network_if.obj (.text:SimpleLinkFatalErrorEventHandler)
                  01016264    00000024     slnetsock_release.a : slnetif.oem4 (.text:SlNetIf_getConnectionStatus)
                  01016288    00000024     simplelink.a : driver.obj (.text:_SlDrvIsApiInProgress)
                  010162ac    00000024                  : driver.obj (.text:_SlDrvStartMeasureTimeout)
                  010162d0    00000024     rtsv7M4_T_le_eabi.lib : boot_cortex_m.c.obj (.text:_c_int00_noargs:_c_int00_noargs)
                  010162f4    00000024     mqtt_release.a : client_core.oem4 (.text:conn2usedCtxs)
                  01016318    00000024     freertos_builds_CC3220SF_LAUNCHXL_release_ccs.lib : queue.obj (.text:prvGetDisinheritPriorityAfterTimeout)
                  0101633c    00000024     mqtt_release.a : client_core.oem4 (.text:recvHvecLoad)
                  01016360    00000024     rtsv7M4_T_le_eabi.lib : u_tofs_t2.asm.obj (.text)
                  01016384    00000024     freertos_builds_CC3220SF_LAUNCHXL_release_ccs.lib : semaphore.obj (.text:sem_getvalue)
                  010163a8    00000024     simplelink.a : wlan.obj (.text:sl_WlanDisconnect)
                  010163cc    00000024     freertos_builds_CC3220SF_LAUNCHXL_release_ccs.lib : queue.obj (.text:vQueueDelete)
                  010163f0    00000024                                                       : tasks.obj (.text:vTaskInternalSetTimeOutState)
                  01016414    00000022     mqtt_release.a : mqtt_common.oem4 (.text:MQTT_packetProcMsgIdAckRx)
                  01016436    00000022     freertos_builds_CC3220SF_LAUNCHXL_release_ccs.lib : SemaphoreP_freertos.obj (.text:SemaphoreP_post)
                  01016458    00000022                                                       : aeabi_portable.obj (.text:__aeabi_errno_addr)
                  0101647a    00000022                                                       : pthread.obj (.text:pthread_attr_setdetachstate)
                  0101649c    00000020                                                       : ClockP_freertos.obj (.text:ClockP_getCpuFreq)
                  010164bc    00000020                                                       : HwiPCC32XX_freertos.obj (.text:HwiP_restore)
                  010164dc    00000020     driverlib.a : interrupt.obj (.text:IntRegister)
                  010164fc    00000020     mqtt_release.a : mqtt_common.oem4 (.text:MQTT_qos2PubCqReset)
                  0101651c    00000020     drivers_cc32xx.aem4 : PowerCC32XX.oem4 (.text:Power_unregisterNotify)
                  0101653c    00000020     slnetifwifi.a : slnetifwifi.obj (.text:SlNetIfWifi_accept)
                  0101655c    00000020     drivers_cc32xx.aem4 : SPICC32XXDMA.oem4 (.text:getPowerMgrId)
                  0101657c    00000020                         : UARTCC32XXDMA.oem4 (.text:getPowerMgrId)
                  0101659c    00000020     rtsv7M4_T_le_eabi.lib : memchr.c.obj (.text:memchr)
                  010165bc    00000020     freertos_builds_CC3220SF_LAUNCHXL_release_ccs.lib : queue.obj (.text:prvIsQueueEmpty)
                  010165dc    00000020                                                       : semaphore.obj (.text:semaphorePend)
                  010165fc    00000020     mqtt_release.a : client_core.oem4 (.text:session311fix)
                  0101661c    0000001e     freertos_builds_CC3220SF_LAUNCHXL_release_ccs.lib : ClockP_freertos.obj (.text:ClockP_start)
                  0101663a    0000001e                                                       : HwiPCC32XX_freertos.obj (.text:HwiP_Params_init)
                  01016658    0000001e     mqtt_release.a : client_core.oem4 (.text:MQTTClientCore_alloc)
                  01016676    0000001e                    : client_core.oem4 (.text:MQTTClientCore_ctxRun)
                  01016694    0000001e     slnetifwifi.a : slnetifwifi.obj (.text:SlNetIfWifi_bind)
                  010166b2    0000001e                   : slnetifwifi.obj (.text:SlNetIfWifi_connect)
                  010166d0    0000001e     driverlib.a : timer.obj (.text:TimerDisable)
                  010166ee    0000001e                 : timer.obj (.text:TimerEnable)
                  0101670c    0000001e     simplelink.a : driver.obj (.text:_SlDrvObjLockWaitForever)
                  0101672a    0000001e                  : driver.obj (.text:_SlDrvObjUnLock)
                  01016748    0000001e                  : driver.obj (.text:_SlDrvSyncObjSignal)
                  01016766    0000001e     freertos_builds_CC3220SF_LAUNCHXL_release_ccs.lib : pthread.obj (.text:_pthread_runStub)
                  01016784    0000001e     jsonParse.obj (.text:jsmn_init)
                  010167a2    0000001e     drivers_cc32xx.aem4 : UDMACC32XX.oem4 (.text:postNotifyFxn)
                  010167c0    0000001e     mqtt_release.a : client_core.oem4 (.text:procNetDataRecv)
                  010167de    0000001e                    : client_core.oem4 (.text:sessionDelete)
                  010167fc    0000001c     freertos_builds_CC3220SF_LAUNCHXL_release_ccs.lib : ClockP_freertos.obj (.text:ClockP_Params_init)
                  01016818    0000001c     driverlib.a : pin.obj (.text:PinToPadGet)
                  01016834    0000001c     simplelink.a : device.obj (.text:_SlDeviceGetStartResponseConvert)
                  01016850    0000001c                  : spawn.obj (.text:_SlInternalIsItSpawnThread)
                  0101686c    0000001c     debug.obj (.text:dbgUARTVal)
                  01016888    0000001c     mqtt_release.a : client_core.oem4 (.text:doNetCloseTx)
                  010168a4    0000001c     rtsv7M4_T_le_eabi.lib : memccpy.c.obj (.text:memccpy)
                  010168c0    0000001c     mqtt_release.a : client_core.oem4 (.text:processRecv)
                  010168dc    0000001c     freertos_builds_CC3220SF_LAUNCHXL_release_ccs.lib : pthread.obj (.text:pthread_attr_init)
                  010168f8    0000001c                                                       : pthread_mutex.obj (.text:pthread_mutexattr_init)
                  01016914    0000001c                                                       : tasks.obj (.text:pvTaskIncrementMutexHeldCount)
                  01016930    0000001c     color_task_queue.obj (.text:timerExpired_ColorTaskQueue)
                  0101694c    0000001c     mqtt_release.a : client_core.oem4 (.text:usedCtxsTOSort)
                  01016968    0000001a                    : mqtt_common.oem4 (.text:MQTT_packetAckWlistPurge)
                  01016982    0000001a     freertos_builds_CC3220SF_LAUNCHXL_release_ccs.lib : PTLS.obj (.text:PTLS_taskDeleteHook)
                  0101699c    0000001a     slnetifwifi.a : slnetifwifi.obj (.text:SlNetIfWifi_listen)
                  010169b6    0000001a     freertos_builds_CC3220SF_LAUNCHXL_release_ccs.lib : timers.obj (.text:prvTimerTask)
                  010169d0    0000001a                                                       : pthread_mutex.obj (.text:pthread_mutex_destroy)
                  010169ea    00000018     mqtt_release.a : mqtt_common.oem4 (.text:MQTT_clCtxTimeoutUpdate)
                  01016a02    00000002     --HOLE-- [fill = 0]
                  01016a04    00000018     drivers_cc32xx.aem4 : PowerCC32XX.oem4 (.text:Power_idleFunc)
                  01016a1c    00000018                         : TimerCC32XX.oem4 (.text:TimerCC32XX_getCount)
                  01016a34    00000018     driverlib.a : timer.obj (.text:TimerIntDisable)
                  01016a4c    00000018                 : timer.obj (.text:TimerIntEnable)
                  01016a64    00000018                 : uart.obj (.text:UARTBusy)
                  01016a7c    00000018     drivers_cc32xx.aem4 : UART.oem4 (.text:UART_Params_init)
                  01016a94    00000018     rtsv7M4_T_le_eabi.lib : snprintf.c.obj (.text:_outc)
                  01016aac    00000018                           : sprintf.c.obj (.text:_outs)
                  01016ac4    00000018     freertos_builds_CC3220SF_LAUNCHXL_release_ccs.lib : memory.obj (.text:free)
                  01016adc    00000018     mqtt_release.a : client_core.oem4 (.text:groupCtxsAdjWaitSecsGet)
                  01016af4    00000018                    : client_core.oem4 (.text:netClCtxFind)
                  01016b0c    00000018     rtsv7M4_T_le_eabi.lib : ll_mul_t2.asm.obj (.text)
                  01016b24    00000018     freertos_builds_CC3220SF_LAUNCHXL_release_ccs.lib : semaphore.obj (.text:sem_wait)
                  01016b3c    00000018     rtsv7M4_T_le_eabi.lib : strcmp.c.obj (.text:strcmp)
                  01016b54    00000016     freertos_builds_CC3220SF_LAUNCHXL_release_ccs.lib : ClockP_freertos.obj (.text:ClockP_setTimeout)
                  01016b6a    00000016     mqtt_release.a : mqtt_net_func.oem4 (.text:MQTTNet_commClose)
                  01016b80    00000016                    : mqtt_common.oem4 (.text:MQTT_clCtxReset)
                  01016b96    00000016                    : mqtt_common.oem4 (.text:MQTT_packetFree)
                  01016bac    00000016                    : mqtt_common.oem4 (.text:MQTT_packetInit)
                  01016bc2    00000016     driverlib.a : prcm.obj (.text:PRCMHIBRegRead)
                  01016bd8    00000016                 : prcm.obj (.text:PRCMHIBRegWrite)
                  01016bee    00000016     freertos_builds_CC3220SF_LAUNCHXL_release_ccs.lib : PTLS.obj (.text:PTLS_getBuf)
                  01016c04    00000016                                                       : PTLS.obj (.text:PTLS_setBuf)
                  01016c1a    00000016                                                       : SemaphoreP_freertos.obj (.text:SemaphoreP_Params_init)
                  01016c30    00000016     simplelink.a : driver.obj (.text:_SlDrvMemZero)
                  01016c46    00000002     --HOLE-- [fill = 0]
                  01016c48    00000016     freertos_builds_CC3220SF_LAUNCHXL_release_ccs.lib : startup_cc32xx_ccs.obj (.text:resetISR)
                  01016c5e    00000016     rtsv7M4_T_le_eabi.lib : strchr.c.obj (.text:strchr)
                  01016c74    00000014     driverlib.a : cpu.obj (.text:CPUcpsie)
                  01016c88    00000014                 : interrupt.obj (.text:IntVTableBaseSet)
                  01016c9c    00000014     mqtt_release.a : mqttclient.oem4 (.text:MQTTClient_publish)
                  01016cb0    00000014                    : mqtt_net_func.oem4 (.text:MQTTNet_rtcSecs)
                  01016cc4    00000014                    : mqtt_common.oem4 (.text:MQTT_packetAckWlistAppend)
                  01016cd8    00000014                    : mqtt_common.oem4 (.text:MQTT_packetReset)
                  01016cec    00000014     drivers_cc32xx.aem4 : PowerCC32XX.oem4 (.text:Power_getDependencyCount)
                  01016d00    00000014                         : SPI.oem4 (.text:SPI_Params_init)
                  01016d14    00000014     slnetsock_release.a : slnetsock.oem4 (.text:SlNetSock_sdsClrAll)
                  01016d28    00000014     mqtt_release.a : client_core.oem4 (.text:ack1WlRmfree)
                  01016d3c    00000014     freertos_builds_CC3220SF_LAUNCHXL_release_ccs.lib : tasks.obj (.text:prvDeleteTCB)
                  01016d50    00000014                                                       : pthread.obj (.text:pthread_attr_setstacksize)
                  01016d64    00000014                                                       : pthread_mutex.obj (.text:pthread_mutex_lock)
                  01016d78    00000014                                                       : pthread.obj (.text:pthread_self)
                  01016d8c    00000014                                                       : semaphore.obj (.text:sem_destroy)
                  01016da0    00000014     rtsv7M4_T_le_eabi.lib : strcpy.c.obj (.text:strcpy)
                  01016db4    00000014                           : strlen.c.obj (.text:strlen)
                  01016dc8    00000014     mqtt_release.a : client_core.oem4 (.text:txPartBufP)
                  01016ddc    00000014                    : client_core.oem4 (.text:txPartReset)
                  01016df0    00000014     freertos_builds_CC3220SF_LAUNCHXL_release_ccs.lib : PowerCC32XX_freertos.obj (.text:vPortSuppressTicksAndSleep)
                  01016e04    00000014                                                       : tasks.obj (.text:xTaskGetCurrentTaskHandle)
                  01016e18    00000014                                                       : tasks.obj (.text:xTaskGetTickCount)
[...]
01015045  sendMsgToQueue_ISR                        
010150b5  MQTT_packetPrepFh                         
010150eb  SlNetIfWifi_getHostByName                 
01015121  SlNetIfWifi_select                        
0101518d  TimerControlStall                         
010151f9  strncpy                                   
01015231  PinModeGet                                
01015265  PowerCC32XX_restoreParkState              
01015299  SemaphoreP_pend                           
010152cd  SlNetUtil_htons                           
010152cd  SlNetUtil_ntohs                           
01015301  TimerCC32XX_freeTimerResource             
01015335  UDMACC32XX_close                          
01015369  __TI_cleanup                              
0101539d  __TI_readmsg                              
010154d5  vTaskPlaceOnEventList                     
01015509  vTaskSetThreadLocalStoragePointer         
01015571  MQTT_clCtxTimeoutInsert                   
010155a3  MqttClientThread                          
01015607  readMsqFromQueue                          
01015639  PowerCC32XX_restoreParkedPin              
01015759  finddevice                                
010157b9  sendCmdMsg_MqttQueue                      
010157e9  vListInitialise                           
01015819  vPortExitCritical                         
01015849  xTaskGetSchedulerState                    
01015879  Mutex_create_handle                       
010158a7  pvTimerGetTimerID                         
010158d5  __aeabi_i2d                               
01015905  HwiP_disable                              
01015931  NwpPowerOn                                
0101595d  PRCMLPDSIntervalSet                       
01015989  PowerCC32XX_getParkState                  
010159b5  SemaphoreP_createBinary                   
010159e1  SlNetIfWifi_recv                          
01015a0d  SlNetIfWifi_send                          
01015a39  _SlDrvSyncObjWaitForever                  
01015a65  createUartQueue                           
01015a91  create_MqttQueue                          
01015b15  pthread_mutexattr_settype                 
01015b41  readMsqFromUartQueue                      
01015b99  strncmp                                   
01015bc5  remove                                    
01015bc5  unlink                                    
01015bf1  vTaskSetApplicationTaskTag                
01015c1d  xPortSysTickHandler                       
01015c49  xQueueCreateMutex                         
01015c75  SlNetUtil_inetPton                        
01015c9f  TimerLoadSet                              
01015cc9  TimerPrescaleSet                          
01015cf3  UARTCC32XXDMA_readCancel                  
01015d1d  UARTCC32XXDMA_writeCancel                 
01015def  uxQueueMessagesWaiting                    
01015e19  HwiP_inISR                                
01015e41  MQTT_packetBufWrUtf8                      
01015e69  PRCMLPDSWakeupSourceEnable                
01015e91  PRCMPeripheralClkDisable                  
01015eb9  Power_registerNotify                      
01015ee1  SlNetIf_getIfByID                         
01015f09  SlNetSock_sdsIsSet                        
01015f31  SlNetSock_sdsSet                          
01015f59  SlNetSock_secAttribDelete                 
01015f81  _SlDrvProtectionObjLockWaitForever        
01015fa9  _SlDrvProtectionObjUnLock                 
01015fd1  _SlFlowContSet                            
01016021  _sl_ExtLib_AwaitedAckLockedSet            
01016049  lseek                                     
01016071  pthread_attr_setschedparam                
01016099  readMsg_MqttQueue                         
010160c1  sem_trywait                               
010160e9  write                                     
01016111  xTaskGetApplicationTaskTag                
01016139  List_put                                  
0101615f  List_remove                               
01016185  MQTT_clCtxRemove                          
010161ab  _pthread_cleanup_pop                      
010161d1  createQueue                               
0101621d  IntUnregister                             
01016241  SimpleLinkFatalErrorEventHandler          
01016265  SlNetIf_getConnectionStatus               
01016289  _SlDrvIsApiInProgress                     
010162ad  _SlDrvStartMeasureTimeout                 
010162d1  _c_int00_noargs                           
01016361  __aeabi_ui2f                              
01016385  sem_getvalue                              
010163a9  sl_WlanDisconnect                         
010163cd  vQueueDelete                              
010163f1  vTaskInternalSetTimeOutState              
01016415  MQTT_packetProcMsgIdAckRx                 
01016437  SemaphoreP_post                           
01016459  __aeabi_errno_addr                        
0101647b  pthread_attr_setdetachstate               
0101649d  ClockP_getCpuFreq                         
010164bd  HwiP_restore                              
010164dd  IntRegister                               
010164fd  MQTT_qos2PubCqReset                       
0101651d  Power_unregisterNotify                    
0101653d  SlNetIfWifi_accept                        
0101659d  memchr                                    
0101661d  ClockP_start                              
0101663b  HwiP_Params_init                          
01016659  MQTTClientCore_alloc                      
01016677  MQTTClientCore_ctxRun                     
01016695  SlNetIfWifi_bind                          
010166b3  SlNetIfWifi_connect                       
010166d1  TimerDisable                              
010166ef  TimerEnable                               
0101670d  _SlDrvObjLockWaitForever                  
0101672b  _SlDrvObjUnLock                           
01016749  _SlDrvSyncObjSignal                       
01016785  jsmn_init                                 
010167fd  ClockP_Params_init                        
01016819  PinToPadGet                               
01016851  _SlInternalIsItSpawnThread                
0101686d  dbgUARTVal                                
010168a5  memccpy                                   
010168dd  pthread_attr_init                         
010168f9  pthread_mutexattr_init                    
01016915  pvTaskIncrementMutexHeldCount             
01016931  timerExpired_ColorTaskQueue               
01016969  MQTT_packetAckWlistPurge                  
01016983  PTLS_taskDeleteHook                       
0101699d  SlNetIfWifi_listen                        
010169d1  pthread_mutex_destroy                     
010169eb  MQTT_clCtxTimeoutUpdate                   
01016a05  Power_idleFunc                            
01016a1d  TimerCC32XX_getCount                      
01016a35  TimerIntDisable                           
01016a4d  TimerIntEnable                            
01016a65  UARTBusy                                  
01016a7d  UART_Params_init                          
01016ac5  free                                      
01016b0d  __aeabi_lmul                              
01016b25  sem_wait                                  
01016b3d  strcmp                                    
01016b55  ClockP_setTimeout                         
01016b6b  MQTTNet_commClose                         
01016b81  MQTT_clCtxReset                           
01016b97  MQTT_packetFree                           
01016bad  MQTT_packetInit                           
01016bc3  PRCMHIBRegRead                            
01016bd9  PRCMHIBRegWrite                           
01016bef  PTLS_getBuf                               
01016c05  PTLS_setBuf                               
01016c1b  SemaphoreP_Params_init                    
01016c31  _SlDrvMemZero                             
01016c49  resetISR                                  
01016c58  resetVectorAddr                           
01016c5f  strchr                                    
01016c75  CPUcpsie                                  
01016c89  IntVTableBaseSet                          
01016c9d  MQTTClient_publish                        
01016cb1  MQTTNet_rtcSecs                           
01016cc5  MQTT_packetAckWlistAppend                 
01016cd9  MQTT_packetReset                          
01016ced  Power_getDependencyCount                  
01016d01  SPI_Params_init                           
01016d15  SlNetSock_sdsClrAll                       
01016d51  pthread_attr_setstacksize                 
01016d65  pthread_mutex_lock                        
01016d79  pthread_self                              
01016d8d  sem_destroy                               
01016da1  strcpy                                    
01016db5  strlen                                    
01016df1  vPortSuppressTicksAndSleep                
01016e05  xTaskGetCurrentTaskHandle                 
01016e19  xTaskGetTickCount                         
01016e2d  HwiP_delete                               
01016e3f  SlNetIfWifi_close                         
01016e51  TimerIntClear                             
01016e87  wcslen                                    
01016e99  Board_init                                
01016ea9  ClockP_getSystemTickPeriod                
01016eb9  I2C_Params_init                           
01016ec9  SlNetSock_secAttribCreate                 
01016ed9  SysTickDisable                            
01016ee9  SysTickEnable                             
01016ef9  Timer_Params_init                         
01016f09  _SlDrvDispatchHttpServerEvents            
01016f19  _SlDrvDispatchNetAppRequestEvents         
01016f29  _SlDrvIsSpawnOwnGlobalLock                
01016f39  create_ColorTaskQueue                     
01016f59  errorRoutine                              
01016f99  vListInitialiseItem                       
01016fa9  vTaskSuspendAll                           
01016fb9  MQTTClient_subscribe                      
01016fc7  Power_getTransitionLatency                
01016fd5  _SlDrvResetCmdExt                         
01016fe3  _sl_ExtLib_AwaitedAckSet                  
01016fff  __TI_decompress_none                      
0101701b  spi_Close                                 
01017029  CPUwfi                                    
01017035  HwiP_clearInterrupt                       
01017041  HwiP_disableInterrupt                     
0101704d  HwiP_enableInterrupt                      
01017059  MQTTClientCore_sendConnectMsg             
01017065  MQTT_secureConnStructInit                 
01017071  Network_IF_ResetMCUStateMachine           
0101707d  NwpMaskInterrupt                          
01017089  NwpUnMaskInterrupt                        
01017095  Power_getConstraintMask                   
010170a1  SemaphoreP_delete                         
010170ad  SimpleLinkHttpServerEventHandler          
010170b9  SimpleLinkNetAppRequestEventHandler       
010170c5  _SlDeviceResetRequestInitCompletedCB      
010170dd  copysign                                  
010170dd  copysignl                                 
010170e9  __TI_zero_init                            
01017119  uDMAErrorStatusClear                      
01017125  uDMAErrorStatusGet                        
01017131  vTaskMissedYield                          
0101713d  I2C_transfer                              
01017147  IntMasterEnable                           
01017151  SPI_close                                 
0101715b  SPI_transfer                              
01017165  SimpleLinkGeneralEventHandler             
0101716f  SimpleLinkNetAppRequestMemFreeEventHandler
01017179  Timer_start                               
01017183  UART_control                              
0101718d  UART_write                                
010171a1  dbgOutputLoc                              
010171ab  sl_Task                                   
010171b5  vApplicationStackOverflowHook             
010171bf  ClockP_getSystemTicks                     
010171cf  MQTTClientCore_sendSubMsg                 
010171d7  MQTTNet_tcpSend                           
010171df  PRCMSleepEnter                            
010171e7  TimerGetCurrentTimestamp                  
0101720f  I2CCC32XX_control                         
01017215  SPICC32XXDMA_control                      
0101721b  TimerCC32XX_control                       
01017221  UtilsDelay                                
0101723f  SPICC32XXDMA_init                         
01017243  SlNetIf_init                              
01017247  SlNetUtil_init                            
01017253  _system_pre_init                          
01017257  C$$EXIT                                   
01017257  abort                                     
01017264  _ctypes_                                  
01017664  spiCC32XXDMAHWAttrs                       
010176dc  OpcodeTranslateTable                      
0101774c  _SlActionLookupTable                      
0101779c  PowerCC32XX_config                        
01017808  UARTCC32XXDMA_fxnTable                    
01017830  UART_defaultParams                        
010178bc  SPI_defaultParams                         
010178fc  TimerCC32XX_fxnTable                      
01017918  I2CCC32XX_fxnTable                        
01017930  SPICC32XXDMA_fxnTable                     
01017948  SPI_config                                
01017a20  GPIOCC32XX_config                         
01017ab4  I2C_defaultParams                         
01017af4  i2cCC32XXHWAttrs                          
01017b14  timerCC32XXHWAttrs                        
01017b24  I2C_config                                
01017b30  Timer_config                              
01017b3c  UART_config                               
01017b78  udmaCC3220SHWAttrs                        
01017b84  UDMACC32XX_config                         
01017b94  ulMaxSyscallInterruptPriority             
01017bb4  outPinTypes                               
01017bca  Display_count                             
01017bcb  I2C_count                                 
01017bcc  SPI_count                                 
01017bcd  Timer_count                               
01017bce  UART_count                                
01017bcf  Watchdog_count                            
01017bd0  inPinTypes                                
01017bd6  outPinStrengths                           
01017c16  _SlNetAppSendResponseCmdCtrl              
01017c1a  _SlNetAppSendTokenValueCmdCtrl            
01017c58  __TI_static_base__                        
01017e48  __TI_Handler_Table_Base                   
01017e54  __TI_Handler_Table_Limit                  
01017e60  __TI_CINIT_Base                           
01017e70  __TI_CINIT_Limit                          
20009000  g_CB                                      
200093fc  clients                                   
200096ac  PowerCC32XX_contextSave                   
200097d8  __CIOBUF_                                 
200098f8  echoPrompt                                
20009b90  __TI_tmpnams                              
20009c30  spiCC32XXDMAObjects                       
20009d38  payload_buff                              
20009db8  uartCC32XXObjects0                        
20009e24  i2cCC32XXObjects                          
20009ebc  timerCC32XXObjects                        
20009f1c  GlobalLockObj                             
20009f48  g_SlInternalSpawnCB                       
20009f70  g_ucConnectionSSID                        
20009f94  uartColorSensorParams                     
20009fb8  uartParams                                
20009ffc  i2cTransaction                            
2000a018  rxBuffer                                  
2000a100  MQTTClient_Lib_CB                         
2000a110  i2cParams                                 
2000a120  DeviceCB                                  
2000a12c  MqttClientExmple_params                   
2000a138  Msg                                       
2000a144  color_sensor_params                       
2000a170  g_ucConnectionBSSID                       
2000a178  parmbuf                                   
2000a180  spiCC32XXSDMAscratchBuf                   
2000a188  udmaCC3220SObject                         
2000a19c  UART0                                     
2000a1a0  colorTaskQueue                            
2000a1a4  color_sensor_timer                        
2000a1a8  i2c                                       
2000a1ac  mqttQueue                                 
2000a1b0  uartQueue                                 
2000a1b4  wxBuffer                                  
2000a1b8  MQTTClient_waitSecs                       
2000a1ba  g_usConnectIndex                          
2000a1bc  RxIrqCnt                                  
2000a1c0  HwiP_dispatchTable                        
2000a9c0  PowerCC32XX_module                        
2000ab2c  parkInfo                                  
2000ac24  _ftable                                   
2000ad14  _device                                   
2000ad8c  SlNetIfConfigWifi                         
2000ade4  _stream                                   
2000ae6c  pxCurrentTCB                              
2000aea0  MQTTClient_net                            
2000aec8  g_LibsEvents                              
2000aeec  g_UserEvents                              
2000af10  Mqtt_ClientCtx                            
2000af54  gApConnectionState                        
2000af58  gInitState                                
2000af5c  memPtrCounterfree                         
2000af60  g_rx_task_hndl                            
2000af64  mqttThread                                
2000af78  gpioPinConfigs                            
2000af88  __TI_ft_end                               
2000af8c  __aeabi_stdin                             
2000af90  __aeabi_stdout                            
2000af94  __aeabi_stderr                            
2000af98  ClientId                                  
2000afa6  qos                                       
2000afa8  __TI_cleanup_ptr                          
2000afac  __TI_dtors_ptr                            
2000afb0  __TI_enable_exit_profile_output           
2000afb4  SecurityParams                            
2000afd8  g_ulStaIp                                 
2000afdc  g_ulGatewayIP                             
2000afe0  g_ulStatus                                
2000afe4  gGlobalLockCntRequested                   
2000afe5  gGlobalLockCntReleased                    
2000afe6  g_SlDeviceStatus                          
2000afe8  g_pCB                                     
2000afec  pPingCallBackFunc                         
2000aff0  will_param                                
2000b014  MQTTClient_closeContext                   
2000b018  MQTTClient_clientContext                  
2000b01c  MQTTClient_multiSrvConn                   
2000b020  _lock                                     
2000b024  _unlock                                   
2000b028  MQTTClient_clientCfg                      
2000b058  MQTTClient_connectCfg                     
2000b06c  g_intHandle                               
2000b074  topic                                     
2003fc00  __stack                                   
20040000  __STACK_END                               
ffffffff  __TI_pprof_out_hndl                       
ffffffff  __TI_prof_data_size                       
ffffffff  __TI_prof_data_start                      
ffffffff  __binit__                                 
ffffffff  __c_args__                                
ffffffff  binit                                     
UNDEFED   __mpu_init                                
UNDEFED   _system_post_cinit                        

[757 symbols]
